// Vitest Snapshot v1, https://vitest.dev/guide/snapshot.html

exports[`matches snapshot 1`] = `
<DocumentFragment>
  <button
    class="sc-blHHSb bbmPQL"
    id="texto"
  >
    Texto
  </button>
</DocumentFragment>
`;
